
> cryptorafts@1.0.0 build
> next build --webpack

npm :  ΓÜá Warning: Next.js inferred your workspace root, but it may not be 
correct.
At line:1 char:1
+ npm run build 2>&1 | Tee-Object -FilePath build-output.txt
+ ~~~~~~~~~~~~~~~~~~
    + CategoryInfo          : NotSpecified: ( ΓÜá Warning: N...not be correct. 
   :String) [], RemoteException
    + FullyQualifiedErrorId : NativeCommandError
 
 We detected multiple lockfiles and selected the directory of 
C:\Users\dell\package-lock.json as the root directory.
 To silence this warning, set `outputFileTracingRoot` in your Next.js config, 
or consider removing one of the lockfiles if it's not needed.
   See 
https://nextjs.org/docs/app/api-reference/config/next-config-js/output#caveats 
for more information.
 Detected additional lockfiles: 
   * C:\Users\dell\cryptorafts-starter\package-lock.json

   Γû▓ Next.js 16.0.0 (webpack)
   - Environments: .env.local

   Creating an optimized production build ...
 Γ£ô Compiled successfully in 3.0min
   Skipping validation of types
   Collecting page data ...
Firebase Admin credentials not found. Skipping initialization during build.
Firebase Admin credentials not found. Skipping initialization during build.
Firebase Admin credentials not found. Skipping initialization during build.
Firebase Admin credentials not found. Skipping initialization during build.
ΓÜá∩╕Å Social Share Service: No platforms configured. Set environment 
variables to enable.
Γ£à OpenAI Service: Initialized successfully
ΓÜá∩╕Å Social Share Service: No platforms configured. Set environment 
variables to enable.
Firebase Admin credentials not found. Skipping initialization during build.
Firebase Admin credentials not found. Skipping initialization during build.
   Generating static pages (0/239) ...
Γ£à OpenAI Service: Initialized successfully
ΓÜá∩╕Å Social Share Service: No platforms configured. Set environment 
variables to enable.
Firebase Admin credentials not found. Skipping initialization during build.
Firebase Admin credentials not found. Skipping initialization during build.
≡ƒöì Header render check: { pathname: '/agency/clients', isAdminRoute: false, shouldHide: false }
Γ£à Header WILL RENDER - Non-admin route
≡ƒöì Header render check: {
  pathname: '/agency/dashboard',
  isAdminRoute: false,
  shouldHide: false
}
Γ£à Header WILL RENDER - Non-admin route
≡ƒöì Header render check: {
  pathname: '/agency/kyb-waiting-simple',
  isAdminRoute: false,
  shouldHide: false
}
Γ£à Header WILL RENDER - Non-admin route
≡ƒöì Header render check: { pathname: '/agency/kyb', isAdminRoute: false, shouldHide: false }
Γ£à Header WILL RENDER - Non-admin route
≡ƒöì Header render check: {
  pathname: '/agency/pending-approval',
  isAdminRoute: false,
  shouldHide: false
}
Γ£à Header WILL RENDER - Non-admin route
≡ƒöì Header render check: {
  pathname: '/agency/register',
  isAdminRoute: false,
  shouldHide: false
}
Γ£à Header WILL RENDER - Non-admin route
≡ƒöì Header render check: {
  pathname: '/agency/settings',
  isAdminRoute: false,
  shouldHide: false
}
Γ£à Header WILL RENDER - Non-admin route
≡ƒöì Header render check: { pathname: '/api-status', isAdminRoute: false, shouldHide: false }
Γ£à Header WILL RENDER - Non-admin route
≡ƒöì Header render check: { pathname: '/logout', isAdminRoute: false, shouldHide: false }
Γ£à Header WILL RENDER - Non-admin route
≡ƒöì Header render check: { pathname: '/market', isAdminRoute: false, shouldHide: false }
Γ£à Header WILL RENDER - Non-admin route
≡ƒöì Header render check: { pathname: '/messages', isAdminRoute: false, shouldHide: false }
Γ£à Header WILL RENDER - Non-admin route
≡ƒöì Header render check: { pathname: '/narratives', isAdminRoute: false, shouldHide: false }
Γ£à Header WILL RENDER - Non-admin route
≡ƒöì Header render check: { pathname: '/onboarding', isAdminRoute: false, shouldHide: false }
Γ£à Header WILL RENDER - Non-admin route
≡ƒöì Header render check: { pathname: '/', isAdminRoute: false, shouldHide: false }
Γ£à Header WILL RENDER - Non-admin route
≡ƒöì Header render check: { pathname: '/pitch', isAdminRoute: false, shouldHide: false }
Γ£à Header WILL RENDER - Non-admin route
≡ƒöì Header render check: { pathname: '/portfolio', isAdminRoute: false, shouldHide: false }
Γ£à Header WILL RENDER - Non-admin route
≡ƒöì Header render check: { pathname: '/_not-found', isAdminRoute: false, shouldHide: false }
Γ£à Header WILL RENDER - Non-admin route
≡ƒöì Header render check: { pathname: '/403', isAdminRoute: false, shouldHide: false }
Γ£à Header WILL RENDER - Non-admin route
≡ƒöì Header render check: { pathname: '/admin-access', isAdminRoute: false, shouldHide: false }
Γ£à Header WILL RENDER - Non-admin route
≡ƒöì Header render check: {
  pathname: '/add-sample-data',
  isAdminRoute: false,
  shouldHide: false
}
Γ£à Header WILL RENDER - Non-admin route
≡ƒöì Header render check: { pathname: '/admin-bypass', isAdminRoute: false, shouldHide: false }
Γ£à Header WILL RENDER - Non-admin route
≡ƒöì Header render check: { pathname: '/admin-dashboard', isAdminRoute: true, shouldHide: true }
≡ƒÜ½ Header HIDDEN - Admin route
≡ƒöì Header render check: { pathname: '/admin-main', isAdminRoute: false, shouldHide: false }
Γ£à Header WILL RENDER - Non-admin route
≡ƒöì Header render check: { pathname: '/vc/kyb-minimal', isAdminRoute: false, shouldHide: false }
Γ£à Header WILL RENDER - Non-admin route
≡ƒöì Header render check: { pathname: '/vc/kyb-simple', isAdminRoute: false, shouldHide: false }
Γ£à Header WILL RENDER - Non-admin route
≡ƒöì Header render check: {
  pathname: '/vc/kyb-waiting-minimal',
  isAdminRoute: false,
  shouldHide: false
}
Γ£à Header WILL RENDER - Non-admin route
≡ƒöì Header render check: {
  pathname: '/vc/kyb-waiting-simple',
  isAdminRoute: false,
  shouldHide: false
}
Γ£à Header WILL RENDER - Non-admin route
≡ƒöì Header render check: { pathname: '/vc/kyb-waiting', isAdminRoute: false, shouldHide: false }
Γ£à Header WILL RENDER - Non-admin route
≡ƒöì Header render check: { pathname: '/vc/kyb', isAdminRoute: false, shouldHide: false }
Γ£à Header WILL RENDER - Non-admin route
≡ƒöì Header render check: { pathname: '/vc/kyc', isAdminRoute: false, shouldHide: false }
Γ£à Header WILL RENDER - Non-admin route
≡ƒöì Header render check: { pathname: '/vc/notes', isAdminRoute: false, shouldHide: false }
Γ£à Header WILL RENDER - Non-admin route
≡ƒöì Header render check: {
  pathname: '/forgot-password',
  isAdminRoute: false,
  shouldHide: false
}
Γ£à Header WILL RENDER - Non-admin route
≡ƒöì Header render check: {
  pathname: '/founder/dashboard',
  isAdminRoute: false,
  shouldHide: false
}
Γ£à Header WILL RENDER - Non-admin route
≡ƒöì Header render check: { pathname: '/founder/deals', isAdminRoute: false, shouldHide: false }
Γ£à Header WILL RENDER - Non-admin route
≡ƒöì Header render check: { pathname: '/founder/docs', isAdminRoute: false, shouldHide: false }
Γ£à Header WILL RENDER - Non-admin route
≡ƒöì Header render check: {
  pathname: '/founder/messages',
  isAdminRoute: false,
  shouldHide: false
}
Γ£à Header WILL RENDER - Non-admin route
≡ƒöì Header render check: { pathname: '/founder/kyc', isAdminRoute: false, shouldHide: false }
Γ£à Header WILL RENDER - Non-admin route
≡ƒöì Header render check: { pathname: '/founder/pitch', isAdminRoute: false, shouldHide: false }
Γ£à Header WILL RENDER - Non-admin route
≡ƒöì Header render check: {
  pathname: '/founder/pending-approval',
  isAdminRoute: false,
  shouldHide: false
}
Γ£à Header WILL RENDER - Non-admin route
≡ƒöì Header render check: {
  pathname: '/founder/projects',
  isAdminRoute: false,
  shouldHide: false
}
Γ£à Header WILL RENDER - Non-admin route
≡ƒöì Header render check: {
  pathname: '/founder/settings',
  isAdminRoute: false,
  shouldHide: false
}
Γ£à Header WILL RENDER - Non-admin route
   Generating static pages (59/239) 
≡ƒöì Header render check: { pathname: '/profile', isAdminRoute: false, shouldHide: false }
Γ£à Header WILL RENDER - Non-admin route
≡ƒöì Header render check: { pathname: '/projects', isAdminRoute: false, shouldHide: false }
Γ£à Header WILL RENDER - Non-admin route
≡ƒöì Header render check: {
  pathname: '/register/agency',
  isAdminRoute: false,
  shouldHide: false
}
Γ£à Header WILL RENDER - Non-admin route
≡ƒöì Header render check: {
  pathname: '/register/exchange',
  isAdminRoute: false,
  shouldHide: false
}
Γ£à Header WILL RENDER - Non-admin route
≡ƒöì Header render check: { pathname: '/register/ido', isAdminRoute: false, shouldHide: false }
Γ£à Header WILL RENDER - Non-admin route
≡ƒöì Header render check: { pathname: '/role', isAdminRoute: false, shouldHide: false }
Γ£à Header WILL RENDER - Non-admin route
≡ƒöì Header render check: { pathname: '/rooms', isAdminRoute: false, shouldHide: false }
Γ£à Header WILL RENDER - Non-admin route
≡ƒöì Header render check: { pathname: '/search', isAdminRoute: false, shouldHide: false }
Γ£à Header WILL RENDER - Non-admin route
≡ƒöì Header render check: { pathname: '/setup-chat', isAdminRoute: false, shouldHide: false }
Γ£à Header WILL RENDER - Non-admin route
≡ƒöì Header render check: { pathname: '/signup-static', isAdminRoute: false, shouldHide: false }
Γ£à Header WILL RENDER - Non-admin route
≡ƒöì Header render check: { pathname: '/signup-simple', isAdminRoute: false, shouldHide: false }
Γ£à Header WILL RENDER - Non-admin route
≡ƒöì Header render check: { pathname: '/signup-test', isAdminRoute: false, shouldHide: false }
Γ£à Header WILL RENDER - Non-admin route
≡ƒöì Header render check: {
  pathname: '/signup-with-invitation',
  isAdminRoute: false,
  shouldHide: false
}
Γ£à Header WILL RENDER - Non-admin route
≡ƒöì Header render check: { pathname: '/signup', isAdminRoute: false, shouldHide: false }
Γ£à Header WILL RENDER - Non-admin route
≡ƒöì Header render check: {
  pathname: '/admin/add-spotlight',
  isAdminRoute: true,
  shouldHide: true
}
≡ƒÜ½ Header HIDDEN - Admin route
≡ƒöì Header render check: { pathname: '/admin/access', isAdminRoute: true, shouldHide: true }
≡ƒÜ½ Header HIDDEN - Admin route
≡ƒöì Header render check: { pathname: '/admin/analytics', isAdminRoute: true, shouldHide: true }
≡ƒÜ½ Header HIDDEN - Admin route
≡ƒöì Header render check: { pathname: '/admin/blog/new', isAdminRoute: true, shouldHide: true }
≡ƒÜ½ Header HIDDEN - Admin route
≡ƒöì Header render check: { pathname: '/admin/audit', isAdminRoute: true, shouldHide: true }
≡ƒÜ½ Header HIDDEN - Admin route
≡ƒöì Header render check: { pathname: '/admin/blog', isAdminRoute: true, shouldHide: true }
≡ƒÜ½ Header HIDDEN - Admin route
≡ƒöì Header render check: { pathname: '/admin/bypass', isAdminRoute: true, shouldHide: true }
≡ƒÜ½ Header HIDDEN - Admin route
≡ƒöì Header render check: {
  pathname: '/admin/dashboard-bypass',
  isAdminRoute: true,
  shouldHide: true
}
≡ƒÜ½ Header HIDDEN - Admin route
≡ƒöì Header render check: {
  pathname: '/admin/departments',
  isAdminRoute: true,
  shouldHide: true
}
≡ƒÜ½ Header HIDDEN - Admin route
   Generating static pages (119/239) 
≡ƒöì Header render check: { pathname: '/blog', isAdminRoute: false, shouldHide: false }
Γ£à Header WILL RENDER - Non-admin route
≡ƒöì Header render check: { pathname: '/chat', isAdminRoute: false, shouldHide: false }
Γ£à Header WILL RENDER - Non-admin route
≡ƒöì Header render check: { pathname: '/contact', isAdminRoute: false, shouldHide: false }
Γ£à Header WILL RENDER - Non-admin route
≡ƒöì Header render check: { pathname: '/dashboard', isAdminRoute: false, shouldHide: false }
Γ£à Header WILL RENDER - Non-admin route
≡ƒöì Header render check: { pathname: '/deal-rooms', isAdminRoute: false, shouldHide: false }
Γ£à Header WILL RENDER - Non-admin route
≡ƒöì Header render check: {
  pathname: '/exchange/analytics',
  isAdminRoute: false,
  shouldHide: false
}
Γ£à Header WILL RENDER - Non-admin route
≡ƒöì Header render check: {
  pathname: '/departments/login',
  isAdminRoute: false,
  shouldHide: false
}
Γ£à Header WILL RENDER - Non-admin route
≡ƒöì Header render check: { pathname: '/dept/login', isAdminRoute: false, shouldHide: false }
Γ£à Header WILL RENDER - Non-admin route
≡ƒöì Header render check: { pathname: '/dept/kyc', isAdminRoute: false, shouldHide: false }
Γ£à Header WILL RENDER - Non-admin route
≡ƒöì Header render check: { pathname: '/vc/org-setup', isAdminRoute: false, shouldHide: false }
Γ£à Header WILL RENDER - Non-admin route
≡ƒöì Header render check: { pathname: '/vc/onboarding', isAdminRoute: false, shouldHide: false }
Γ£à Header WILL RENDER - Non-admin route
≡ƒöì Header render check: {
  pathname: '/vc/portfolio/analytics',
  isAdminRoute: false,
  shouldHide: false
}
Γ£à Header WILL RENDER - Non-admin route
≡ƒöì Header render check: { pathname: '/vc', isAdminRoute: false, shouldHide: false }
Γ£à Header WILL RENDER - Non-admin route
≡ƒöì Header render check: { pathname: '/vc/pipeline', isAdminRoute: false, shouldHide: false }
Γ£à Header WILL RENDER - Non-admin route
≡ƒöì Header render check: {
  pathname: '/vc/pending-approval',
  isAdminRoute: false,
  shouldHide: false
}
Γ£à Header WILL RENDER - Non-admin route
≡ƒöì Header render check: { pathname: '/vc/portfolio', isAdminRoute: false, shouldHide: false }
Γ£à Header WILL RENDER - Non-admin route
≡ƒöì Header render check: {
  pathname: '/vc/register-org',
  isAdminRoute: false,
  shouldHide: false
}
Γ£à Header WILL RENDER - Non-admin route
≡ƒöì Header render check: { pathname: '/vc/register', isAdminRoute: false, shouldHide: false }
Γ£à Header WILL RENDER - Non-admin route
≡ƒöì Header render check: { pathname: '/vc/reviews', isAdminRoute: false, shouldHide: false }
Γ£à Header WILL RENDER - Non-admin route
≡ƒöì Header render check: {
  pathname: '/founder/register',
  isAdminRoute: false,
  shouldHide: false
}
Γ£à Header WILL RENDER - Non-admin route
≡ƒöì Header render check: { pathname: '/ido/analytics', isAdminRoute: false, shouldHide: false }
Γ£à Header WILL RENDER - Non-admin route
≡ƒöì Header render check: { pathname: '/ido/dashboard', isAdminRoute: false, shouldHide: false }
Γ£à Header WILL RENDER - Non-admin route
≡ƒöì Header render check: { pathname: '/ido/dealflow', isAdminRoute: false, shouldHide: false }
Γ£à Header WILL RENDER - Non-admin route
≡ƒöì Header render check: {
  pathname: '/ido/kyb-waiting-simple',
  isAdminRoute: false,
  shouldHide: false
}
Γ£à Header WILL RENDER - Non-admin route
≡ƒöì Header render check: { pathname: '/ido/kyb', isAdminRoute: false, shouldHide: false }
Γ£à Header WILL RENDER - Non-admin route
≡ƒöì Header render check: { pathname: '/ido/launchpad', isAdminRoute: false, shouldHide: false }
Γ£à Header WILL RENDER - Non-admin route
≡ƒöì Header render check: {
  pathname: '/ido/pending-approval',
  isAdminRoute: false,
  shouldHide: false
}
Γ£à Header WILL RENDER - Non-admin route
≡ƒöì Header render check: { pathname: '/ido/register', isAdminRoute: false, shouldHide: false }
Γ£à Header WILL RENDER - Non-admin route
≡ƒöì Header render check: { pathname: '/admin/email', isAdminRoute: true, shouldHide: true }
≡ƒÜ½ Header HIDDEN - Admin route
≡ƒöì Header render check: {
  pathname: '/admin/edit-details',
  isAdminRoute: true,
  shouldHide: true
}
≡ƒÜ½ Header HIDDEN - Admin route
≡ƒöì Header render check: { pathname: '/admin/dashboard', isAdminRoute: true, shouldHide: true }
≡ƒÜ½ Header HIDDEN - Admin route
≡ƒöì Header render check: {
  pathname: '/admin/generate-data',
  isAdminRoute: true,
  shouldHide: true
}
≡ƒÜ½ Header HIDDEN - Admin route
≡ƒöì Header render check: { pathname: '/admin/kyb', isAdminRoute: true, shouldHide: true }
≡ƒÜ½ Header HIDDEN - Admin route
≡ƒöì Header render check: { pathname: '/admin/kyc', isAdminRoute: true, shouldHide: true }
≡ƒÜ½ Header HIDDEN - Admin route
≡ƒöì Header render check: { pathname: '/admin/login', isAdminRoute: true, shouldHide: true }
≡ƒÜ½ Header HIDDEN - Admin route
≡ƒöì Header render check: {
  pathname: '/admin/manage-placement',
  isAdminRoute: true,
  shouldHide: true
}
≡ƒÜ½ Header HIDDEN - Admin route
≡ƒöì Header render check: { pathname: '/admin', isAdminRoute: true, shouldHide: true }
≡ƒÜ½ Header HIDDEN - Admin route
≡ƒöì Header render check: { pathname: '/admin/pitch', isAdminRoute: true, shouldHide: true }
≡ƒÜ½ Header HIDDEN - Admin route
≡ƒöì Header render check: { pathname: '/support', isAdminRoute: false, shouldHide: false }
Γ£à Header WILL RENDER - Non-admin route
≡ƒöì Header render check: { pathname: '/switch-role', isAdminRoute: false, shouldHide: false }
Γ£à Header WILL RENDER - Non-admin route
≡ƒöì Header render check: { pathname: '/test-mobile', isAdminRoute: false, shouldHide: false }
Γ£à Header WILL RENDER - Non-admin route
≡ƒöì Header render check: {
  pathname: '/spotlight/apply',
  isAdminRoute: false,
  shouldHide: false
}
Γ£à Header WILL RENDER - Non-admin route
≡ƒöì Header render check: {
  pathname: '/test-responsive',
  isAdminRoute: false,
  shouldHide: false
}
Γ£à Header WILL RENDER - Non-admin route
≡ƒöì Header render check: { pathname: '/test-login', isAdminRoute: false, shouldHide: false }
Γ£à Header WILL RENDER - Non-admin route
≡ƒöì Header render check: {
  pathname: '/spotlight/success',
  isAdminRoute: false,
  shouldHide: false
}
Γ£à Header WILL RENDER - Non-admin route
≡ƒöì Header render check: { pathname: '/vc/approved', isAdminRoute: false, shouldHide: false }
Γ£à Header WILL RENDER - Non-admin route
≡ƒöì Header render check: { pathname: '/vc/rooms', isAdminRoute: false, shouldHide: false }
Γ£à Header WILL RENDER - Non-admin route
≡ƒöì Header render check: { pathname: '/vc/settings', isAdminRoute: false, shouldHide: false }
Γ£à Header WILL RENDER - Non-admin route
≡ƒöì Header render check: {
  pathname: '/vc/spotlight/apply',
  isAdminRoute: false,
  shouldHide: false
}
Γ£à Header WILL RENDER - Non-admin route
≡ƒöì Header render check: {
  pathname: '/vc/settings/team',
  isAdminRoute: false,
  shouldHide: false
}
Γ£à Header WILL RENDER - Non-admin route
≡ƒöì Header render check: { pathname: '/vc/team-chat', isAdminRoute: false, shouldHide: false }
Γ£à Header WILL RENDER - Non-admin route
≡ƒöì Header render check: { pathname: '/vc/team', isAdminRoute: false, shouldHide: false }
Γ£à Header WILL RENDER - Non-admin route
≡ƒöì Header render check: { pathname: '/vc/test', isAdminRoute: false, shouldHide: false }
Γ£à Header WILL RENDER - Non-admin route
≡ƒöì Header render check: { pathname: '/vc/watchlist', isAdminRoute: false, shouldHide: false }
Γ£à Header WILL RENDER - Non-admin route
≡ƒöì Header render check: {
  pathname: '/vc/verification',
  isAdminRoute: false,
  shouldHide: false
}
Γ£à Header WILL RENDER - Non-admin route
≡ƒöì Header render check: { pathname: '/verify-email', isAdminRoute: false, shouldHide: false }
Γ£à Header WILL RENDER - Non-admin route
≡ƒöì Header render check: {
  pathname: '/vc/waiting-approval',
  isAdminRoute: false,
  shouldHide: false
}
Γ£à Header WILL RENDER - Non-admin route
   Generating static pages (179/239) 
≡ƒöì Header render check: {
  pathname: '/exchange/dashboard',
  isAdminRoute: false,
  shouldHide: false
}
Γ£à Header WILL RENDER - Non-admin route
≡ƒöì Header render check: {
  pathname: '/exchange/dealflow',
  isAdminRoute: false,
  shouldHide: false
}
Γ£à Header WILL RENDER - Non-admin route
≡ƒöì Header render check: {
  pathname: '/exchange/kyb-waiting-simple',
  isAdminRoute: false,
  shouldHide: false
}
Γ£à Header WILL RENDER - Non-admin route
≡ƒöì Header render check: { pathname: '/exchange/kyb', isAdminRoute: false, shouldHide: false }
Γ£à Header WILL RENDER - Non-admin route
≡ƒöì Header render check: {
  pathname: '/exchange/listings',
  isAdminRoute: false,
  shouldHide: false
}
Γ£à Header WILL RENDER - Non-admin route
≡ƒöì Header render check: {
  pathname: '/exchange/pending-approval',
  isAdminRoute: false,
  shouldHide: false
}
Γ£à Header WILL RENDER - Non-admin route
≡ƒöì Header render check: {
  pathname: '/exchange/register',
  isAdminRoute: false,
  shouldHide: false
}
Γ£à Header WILL RENDER - Non-admin route
≡ƒöì Header render check: {
  pathname: '/exchange/settings',
  isAdminRoute: false,
  shouldHide: false
}
Γ£à Header WILL RENDER - Non-admin route
≡ƒöì Header render check: { pathname: '/admin/projects', isAdminRoute: true, shouldHide: true }
≡ƒÜ½ Header HIDDEN - Admin route
≡ƒöì Header render check: { pathname: '/admin/settings', isAdminRoute: true, shouldHide: true }
≡ƒÜ½ Header HIDDEN - Admin route
≡ƒöì Header render check: { pathname: '/admin/spotlight', isAdminRoute: true, shouldHide: true }
≡ƒÜ½ Header HIDDEN - Admin route
≡ƒöì Header render check: { pathname: '/admin/test', isAdminRoute: true, shouldHide: true }
≡ƒÜ½ Header HIDDEN - Admin route
≡ƒöì Header render check: { pathname: '/admin/spotlights', isAdminRoute: true, shouldHide: true }
≡ƒÜ½ Header HIDDEN - Admin route
≡ƒöì Header render check: { pathname: '/admin/users', isAdminRoute: true, shouldHide: true }
≡ƒÜ½ Header HIDDEN - Admin route
≡ƒöì Header render check: {
  pathname: '/agency/analytics',
  isAdminRoute: false,
  shouldHide: false
}
Γ£à Header WILL RENDER - Non-admin route
≡ƒöì Header render check: {
  pathname: '/agency/campaigns',
  isAdminRoute: false,
  shouldHide: false
}
Γ£à Header WILL RENDER - Non-admin route
≡ƒöì Header render check: { pathname: '/ido/settings', isAdminRoute: false, shouldHide: false }
Γ£à Header WILL RENDER - Non-admin route
≡ƒöì Header render check: {
  pathname: '/ido/settings/team',
  isAdminRoute: false,
  shouldHide: false
}
Γ£à Header WILL RENDER - Non-admin route
≡ƒöì Header render check: {
  pathname: '/influencer/campaigns',
  isAdminRoute: false,
  shouldHide: false
}
Γ£à Header WILL RENDER - Non-admin route
≡ƒöì Header render check: {
  pathname: '/influencer/analytics',
  isAdminRoute: false,
  shouldHide: false
}
Γ£à Header WILL RENDER - Non-admin route
≡ƒöì Header render check: {
  pathname: '/influencer/earnings',
  isAdminRoute: false,
  shouldHide: false
}
Γ£à Header WILL RENDER - Non-admin route
≡ƒöì Header render check: {
  pathname: '/influencer/dashboard',
  isAdminRoute: false,
  shouldHide: false
}
Γ£à Header WILL RENDER - Non-admin route
≡ƒöì Header render check: { pathname: '/influencer', isAdminRoute: false, shouldHide: false }
Γ£à Header WILL RENDER - Non-admin route
≡ƒöì Header render check: {
  pathname: '/influencer/pending-approval',
  isAdminRoute: false,
  shouldHide: false
}
Γ£à Header WILL RENDER - Non-admin route
≡ƒöì Header render check: { pathname: '/influencer/kyc', isAdminRoute: false, shouldHide: false }
Γ£à Header WILL RENDER - Non-admin route
≡ƒöì Header render check: {
  pathname: '/influencer/settings',
  isAdminRoute: false,
  shouldHide: false
}
Γ£à Header WILL RENDER - Non-admin route
≡ƒöì Header render check: {
  pathname: '/influencer/register',
  isAdminRoute: false,
  shouldHide: false
}
Γ£à Header WILL RENDER - Non-admin route
≡ƒöì Header render check: { pathname: '/kyc', isAdminRoute: false, shouldHide: false }
Γ£à Header WILL RENDER - Non-admin route
≡ƒöì Header render check: { pathname: '/vc/dashboard', isAdminRoute: false, shouldHide: false }
Γ£à Header WILL RENDER - Non-admin route
≡ƒöì Header render check: {
  pathname: '/vc/dashboard-minimal',
  isAdminRoute: false,
  shouldHide: false
}
Γ£à Header WILL RENDER - Non-admin route
≡ƒöì Header render check: { pathname: '/vc/dealflow', isAdminRoute: false, shouldHide: false }
Γ£à Header WILL RENDER - Non-admin route
≡ƒöì Header render check: { pathname: '/explore', isAdminRoute: false, shouldHide: false }
Γ£à Header WILL RENDER - Non-admin route
≡ƒöì Header render check: { pathname: '/features', isAdminRoute: false, shouldHide: false }
Γ£à Header WILL RENDER - Non-admin route
 Γ£ô Generating static pages (239/239) in 58s
≡ƒöì Header render check: { pathname: '/login-simple', isAdminRoute: false, shouldHide: false }
Γ£à Header WILL RENDER - Non-admin route
≡ƒöì Header render check: { pathname: '/login-test', isAdminRoute: false, shouldHide: false }
Γ£à Header WILL RENDER - Non-admin route
≡ƒöì Header render check: { pathname: '/login', isAdminRoute: false, shouldHide: false }
Γ£à Header WILL RENDER - Non-admin route
   Finalizing page optimization ...
   Collecting build traces ...

Route (app)
Γöî Γùï /
Γö£ Γùï /_not-found
Γö£ Γùï /403
Γö£ Γùï /add-sample-data
Γö£ Γùï /admin
Γö£ Γùï /admin-access
Γö£ Γùï /admin-bypass
Γö£ Γùï /admin-dashboard
Γö£ Γùï /admin-main
Γö£ Γùï /admin/access
Γö£ Γùï /admin/add-spotlight
Γö£ Γùï /admin/analytics
Γö£ Γùï /admin/audit
Γö£ Γùï /admin/blog
Γö£ Γùï /admin/blog/new
Γö£ Γùï /admin/bypass
Γö£ Γùï /admin/dashboard
Γö£ Γùï /admin/dashboard-bypass
Γö£ Γùï /admin/departments
Γö£ Γùï /admin/edit-details
Γö£ Γùï /admin/email
Γö£ Γùï /admin/generate-data
Γö£ Γùï /admin/kyb
Γö£ Γùï /admin/kyc
Γö£ Γùï /admin/login
Γö£ Γùï /admin/manage-placement
Γö£ Γùï /admin/pitch
Γö£ Γùï /admin/projects
Γö£ Γùï /admin/settings
Γö£ Γùï /admin/spotlight
Γö£ Γùï /admin/spotlights
Γö£ Γùï /admin/test
Γö£ Γùï /admin/users
Γö£ Γùï /agency/analytics
Γö£ Γùï /agency/campaigns
Γö£ Γùï /agency/clients
Γö£ Γùï /agency/dashboard
Γö£ Γùï /agency/kyb
Γö£ Γùï /agency/kyb-waiting-simple
Γö£ Γùï /agency/pending-approval
Γö£ Γùï /agency/register
Γö£ Γùï /agency/settings
Γö£ Γùï /api-status
Γö£ ╞Æ /api/admin/ai-overview
Γö£ ╞Æ /api/admin/ai-reconcile
Γö£ ╞Æ /api/admin/bootstrap
Γö£ ╞Æ /api/admin/email
Γö£ ╞Æ /api/admin/grant
Γö£ ╞Æ /api/admin/guard/complete
Γö£ ╞Æ /api/admin/kyb/approve
Γö£ ╞Æ /api/admin/kyc/approve
Γö£ ╞Æ /api/admin/organizations/create
Γö£ ╞Æ /api/admin/oversight/approve
Γö£ ╞Æ /api/admin/oversight/reject
Γö£ ╞Æ /api/admin/partners/set
Γö£ ╞Æ /api/admin/users/claims
Γö£ ╞Æ /api/admin/users/invite
Γö£ ╞Æ /api/admin/users/suspend
Γö£ ╞Æ /api/agency/accept-pitch
Γö£ ╞Æ /api/ai
Γö£ ╞Æ /api/ai/chat
Γö£ ╞Æ /api/ai/chat/fallback
Γö£ ╞Æ /api/ai/chat/init
Γö£ ╞Æ /api/ai/compliance
Γö£ ╞Æ /api/ai/ido
Γö£ ╞Æ /api/ai/insights
Γö£ ╞Æ /api/ai/kyb
Γö£ ╞Æ /api/ai/kyc
Γö£ ╞Æ /api/ai/pitch
Γö£ ╞Æ /api/ai/scores/liquidity
Γö£ ╞Æ /api/ai/scores/listing
Γö£ ╞Æ /api/ai/scores/reputation
Γö£ ╞Æ /api/ai/vc-command
Γö£ ╞Æ /api/ai/webhook
Γö£ ╞Æ /api/audit/log
Γö£ ╞Æ /api/auth/logout
Γö£ ╞Æ /api/auth/me
Γö£ ╞Æ /api/auth/refresh
Γö£ ╞Æ /api/auth/set-role
Γö£ ╞Æ /api/auth/test
Γö£ ╞Æ /api/auth/update-claims
Γö£ ╞Æ /api/blog
Γö£ ╞Æ /api/blog/[id]
Γö£ ╞Æ /api/blog/ai/add
Γö£ ╞Æ /api/blog/analytics
Γö£ ╞Æ /api/blog/auto
Γö£ ╞Æ /api/blog/slug/[slug]
Γö£ ╞Æ /api/chat/command
Γö£ ╞Æ /api/chat/send
Γö£ ╞Æ /api/chat/upload-file
Γö£ ╞Æ /api/debug-firebase
Γö£ ╞Æ /api/debug-user
Γö£ ╞Æ /api/dept/guard/complete
Γö£ ╞Æ /api/documents/[filename]
Γö£ ╞Æ /api/email/send
Γö£ ╞Æ /api/exchange/accept-pitch
Γö£ ╞Æ /api/firebase-simple
Γö£ ╞Æ /api/firebase-test
Γö£ ╞Æ /api/fix-admin
Γö£ ╞Æ /api/fix-vc-account
Γö£ ╞Æ /api/health
Γö£ ╞Æ /api/ido/accept-pitch
Γö£ ╞Æ /api/influencer/accept-campaign
Γö£ ╞Æ /api/influencer/campaigns
Γö£ ╞Æ /api/influencer/raftai-command
Γö£ ╞Æ /api/kyb/approve
Γö£ ╞Æ /api/kyb/review
Γö£ ╞Æ /api/kyb/start
Γö£ ╞Æ /api/kyc/review
Γö£ ╞Æ /api/kyc/start
Γö£ ╞Æ /api/kyc/verify
Γö£ ╞Æ /api/kyc/webhook
Γö£ ╞Æ /api/notifications/create
Γö£ ╞Æ /api/notifications/send
Γö£ ╞Æ /api/onboarding/profile
Γö£ ╞Æ /api/onboarding/role
Γö£ ╞Æ /api/projects/create
Γö£ ╞Æ /api/projects/upload
Γö£ ╞Æ /api/role-sync
Γö£ ╞Æ /api/rooms/create
Γö£ ╞Æ /api/session
Γö£ ╞Æ /api/simple-test
Γö£ ╞Æ /api/spotlight/payment
Γö£ ╞Æ /api/test-all
Γö£ ╞Æ /api/test-email
Γö£ ╞Æ /api/ui-restoration
Γö£ ╞Æ /api/update-claims
Γö£ ╞Æ /api/uploads/sign
Γö£ ╞Æ /api/validate-invite
Γö£ ╞Æ /api/vc/accept-pitch
Γö£ ╞Æ /api/vc/analyze-risk
Γö£ ╞Æ /api/webhooks/kyb
Γö£ ╞Æ /api/webhooks/kyc
Γö£ ╞Æ /api/webhooks/raftai
Γö£ Γùï /apple-icon.png
Γö£ Γùï /blog
Γö£ ╞Æ /blog/[slug]
Γö£ Γùï /chat
Γö£ Γùï /contact
Γö£ Γùï /dashboard
Γö£ Γùï /deal-rooms
Γö£ Γùï /departments/login
Γö£ Γùï /dept/kyc
Γö£ Γùï /dept/login
Γö£ Γùï /exchange/analytics
Γö£ Γùï /exchange/dashboard
Γö£ Γùï /exchange/dealflow
Γö£ Γùï /exchange/kyb
Γö£ Γùï /exchange/kyb-waiting-simple
Γö£ Γùï /exchange/listings
Γö£ Γùï /exchange/pending-approval
Γö£ Γùï /exchange/register
Γö£ Γùï /exchange/settings
Γö£ Γùï /explore
Γö£ Γùï /features
Γö£ Γùï /forgot-password
Γö£ Γùï /founder/dashboard
Γö£ Γùï /founder/deals
Γö£ Γùï /founder/docs
Γö£ Γùï /founder/kyc
Γö£ Γùï /founder/messages
Γö£ Γùï /founder/pending-approval
Γö£ Γùï /founder/pitch
Γö£ Γùï /founder/projects
Γö£ Γùï /founder/register
Γö£ Γùï /founder/settings
Γö£ Γùï /icon.ico
Γö£ Γùï /ido/analytics
Γö£ Γùï /ido/dashboard
Γö£ Γùï /ido/dealflow
Γö£ Γùï /ido/kyb
Γö£ Γùï /ido/kyb-waiting-simple
Γö£ Γùï /ido/launchpad
Γö£ Γùï /ido/pending-approval
Γö£ Γùï /ido/register
Γö£ Γùï /ido/settings
Γö£ Γùï /ido/settings/team
Γö£ Γùï /influencer
Γö£ Γùï /influencer/analytics
Γö£ Γùï /influencer/campaigns
Γö£ Γùï /influencer/dashboard
Γö£ Γùï /influencer/earnings
Γö£ Γùï /influencer/kyc
Γö£ Γùï /influencer/pending-approval
Γö£ Γùï /influencer/register
Γö£ Γùï /influencer/settings
Γö£ Γùï /kyc
Γö£ Γùï /login
Γö£ Γùï /login-simple
Γö£ Γùï /login-test
Γö£ Γùï /logout
Γö£ Γùï /market
Γö£ Γùï /messages
Γö£ ╞Æ /messages/[cid]
Γö£ Γùï /narratives
Γö£ Γùï /onboarding
Γö£ Γùï /pitch
Γö£ Γùï /portfolio
Γö£ Γùï /profile
Γö£ Γùï /projects
Γö£ ╞Æ /projects/[id]
Γö£ Γùï /register/agency
Γö£ Γùï /register/exchange
Γö£ Γùï /register/ido
Γö£ Γùï /robots.txt
Γö£ Γùï /role
Γö£ Γùï /rooms
Γö£ Γùï /search
Γö£ Γùï /setup-chat
Γö£ Γùï /signup
Γö£ Γùï /signup-simple
Γö£ Γùï /signup-static
Γö£ Γùï /signup-test
Γö£ Γùï /signup-with-invitation
Γö£ Γùï /sitemap.xml
Γö£ Γùï /spotlight/apply
Γö£ ╞Æ /spotlight/payment/[id]
Γö£ Γùï /spotlight/success
Γö£ Γùï /support
Γö£ Γùï /switch-role
Γö£ Γùï /test-login
Γö£ Γùï /test-mobile
Γö£ Γùï /test-responsive
Γö£ Γùï /vc
Γö£ Γùï /vc/approved
Γö£ Γùï /vc/dashboard
Γö£ Γùï /vc/dashboard-minimal
Γö£ Γùï /vc/dealflow
Γö£ Γùï /vc/kyb
Γö£ Γùï /vc/kyb-minimal
Γö£ Γùï /vc/kyb-simple
Γö£ Γùï /vc/kyb-waiting
Γö£ Γùï /vc/kyb-waiting-minimal
Γö£ Γùï /vc/kyb-waiting-simple
Γö£ Γùï /vc/kyc
Γö£ Γùï /vc/notes
Γö£ Γùï /vc/onboarding
Γö£ Γùï /vc/org-setup
Γö£ Γùï /vc/pending-approval
Γö£ Γùï /vc/pipeline
Γö£ Γùï /vc/portfolio
Γö£ Γùï /vc/portfolio/analytics
Γö£ ╞Æ /vc/project/[id]
Γö£ ╞Æ /vc/project/[id]/deep-dive
Γö£ Γùï /vc/register
Γö£ Γùï /vc/register-org
Γö£ Γùï /vc/reviews
Γö£ Γùï /vc/rooms
Γö£ Γùï /vc/settings
Γö£ Γùï /vc/settings/team
Γö£ Γùï /vc/spotlight/apply
Γö£ Γùï /vc/team
Γö£ Γùï /vc/team-chat
Γö£ Γùï /vc/test
Γö£ Γùï /vc/verification
Γö£ Γùï /vc/waiting-approval
Γö£ Γùï /vc/watchlist
Γöö Γùï /verify-email


╞Æ Proxy (Middleware)

Γùï  (Static)   prerendered as static content
╞Æ  (Dynamic)  server-rendered on demand

